
> epos-app@0.0.0 build
> vite build

[36mvite v8.0.0 [32mbuilding client environment for production...[36m[39m
[2K
transforming...Γ£ô 2020 modules transformed.
node.exe : [31mΓ£ù[39m 
Build failed in 457ms
At line:1 char:1
+ & "C:\Program 
Files\nodejs/node.exe" 
"C:\Program 
Files\nodejs/node_mo ...
+ ~~~~~~~~~~~~~~~~~~~~~~~~
~~~~~~~~~~~~~~~~~~~~~~~~~~
~~~~~~~~~~~~~~~~~~~
    + CategoryInfo        
      : NotSpecified: (  
  [31mΓ£ù[39m Build fa   
 iled in 457ms:String)    
 [], RemoteException
    + FullyQualifiedError 
   Id : NativeCommandErr  
  or
 
[31merror during build:
[31mBuild failed with 1 
error:

[31m[builtin:vite-transfo
rm] Error:[0m 
Encountered diff marker
    [38;5;246mΓò¡[0m[38
;5;246mΓöÇ[0m[38;5;246m[
[0m src/pages/admin/Admin
Dashboard.jsx:1:1 
[38;5;246m][0m
    [38;5;246mΓöé[0m
 [38;5;246m 1 Γöé[0m 
<<<<<<<[38;5;249m [0m[3
8;5;249mH[0m[38;5;249mE
[0m[38;5;249mA[0m[38;5;
249mD[0m
 [38;5;240m   Γöé[0m 
ΓöÇΓöÇΓöÇΓö¼ΓöÇΓöÇΓöÇ  
 [38;5;240m   Γöé[0m    
Γò░ΓöÇΓöÇΓöÇΓöÇΓöÇ 
between this marker and 
`=======` is the code 
that we're merging into
 [38;5;240m   Γöé[0m 
 [38;5;246m11 Γöé[0m 
=======
 [38;5;240m   Γöé[0m 
ΓöÇΓöÇΓöÇΓö¼ΓöÇΓöÇΓöÇ  
 [38;5;240m   Γöé[0m    
Γò░ΓöÇΓöÇΓöÇΓöÇΓöÇ 
between this marker and 
`>>>>>>>` is the incoming 
code
 [38;5;240m   Γöé[0m 
 [38;5;246m33 Γöé[0m 
>>>>>>>[38;5;249m [0m[3
8;5;249mc[0m[38;5;249me
[0m[38;5;249me[0m[38;5;
249m0[0m[38;5;249me[0m
[38;5;249m1[0m[38;5;249m
d[0m[38;5;249md[0m[38;
5;249mf[0m[38;5;249m6[0
m[38;5;249m5[0m[38;5;24
9m7[0m[38;5;249m3[0m[3
8;5;249me[0m[38;5;249m6
[0m[38;5;249ma[0m[38;5;
249m2[0m[38;5;249m3[0m
[38;5;249me[0m[38;5;249m
8[0m[38;5;249mf[0m[38;
5;249mf[0m[38;5;249mf[0
m[38;5;249mb[0m[38;5;24
9m6[0m[38;5;249m5[0m[3
8;5;249mb[0m[38;5;249m1
[0m[38;5;249m2[0m[38;5;
249m6[0m[38;5;249m2[0m
[38;5;249ma[0m[38;5;249m
d[0m[38;5;249m1[0m[38;
5;249m9[0m[38;5;249m5[0
m[38;5;249m8[0m[38;5;24
9m5[0m[38;5;249m2[0m[3
8;5;249mb[0m
 [38;5;240m   Γöé[0m 
ΓöÇΓöÇΓöÇΓö¼ΓöÇΓöÇΓöÇ  
 [38;5;240m   Γöé[0m    
Γò░ΓöÇΓöÇΓöÇΓöÇΓöÇ this 
marker concludes the 
conflict region
 [38;5;240m   Γöé[0m 
 [38;5;240m   Γöé[0m 
[38;5;115mHelp[0m: 
Conflict markers indicate 
that a merge was started 
but could not be 
completed due to merge 
conflicts.
 [38;5;240m   Γöé[0m    
   To resolve a conflict, 
keep only the code you 
want and then delete the 
lines containing conflict 
markers.
 [38;5;240m   Γöé[0m    
   If you're having merge 
conflicts after pulling 
new code, the top section 
is the code you already 
had and the bottom 
section is the remote 
code.
 [38;5;240m   Γöé[0m    
   If you're in the 
middle of a rebase, the 
top section is the code 
being rebased onto and 
the bottom section is the 
code coming from the 
current commit being 
rebased.
 [38;5;240m   Γöé[0m    
   If you have nested 
conflicts, resolve the 
outermost conflict first.
[38;5;246mΓöÇΓöÇΓöÇΓöÇΓò»
[0m
[31m
    at aggregateBindingErr
orsIntoJsError (file:///C:
/Users/User/OneDrive/Deskt
op/EPOS/New_UI/POS-NEW-JON
-RICH-UI/node_modules/roll
down/dist/shared/error-CP8
smW_P.mjs:48:18)
    at 
unwrapBindingResult (file:
///C:/Users/User/OneDrive/
Desktop/EPOS/New_UI/POS-NE
W-JON-RICH-UI/node_modules
/rolldown/dist/shared/erro
r-CP8smW_P.mjs:18:128)
    at #build (file:///C:/
Users/User/OneDrive/Deskto
p/EPOS/New_UI/POS-NEW-JON-
RICH-UI/node_modules/rolld
own/dist/shared/rolldown-b
uild-4YnQkA76.mjs:3311:34)
    at async 
buildEnvironment (file:///
C:/Users/User/OneDrive/Des
ktop/EPOS/New_UI/POS-NEW-J
ON-RICH-UI/node_modules/vi
te/dist/node/chunks/node.j
s:32794:64)
    at async Object.build 
(file:///C:/Users/User/One
Drive/Desktop/EPOS/New_UI/
POS-NEW-JON-RICH-UI/node_m
odules/vite/dist/node/chun
ks/node.js:33216:19)
    at async 
Object.buildApp (file:///C
:/Users/User/OneDrive/Desk
top/EPOS/New_UI/POS-NEW-JO
N-RICH-UI/node_modules/vit
e/dist/node/chunks/node.js
:33213:153)
    at async 
CAC.<anonymous> (file:///C
:/Users/User/OneDrive/Desk
top/EPOS/New_UI/POS-NEW-JO
N-RICH-UI/node_modules/vit
e/dist/node/cli.js:778:3) 
{
  errors: [Getter/Setter]
}[39m
